// Jest Snapshot v1, https://goo.gl/fbAQLP

exports[`renders login page correctly 1`] = `
<DocumentFragment>
  <h2>
    Unexpected Application Error!
  </h2>
  <h3
    style="font-style: italic;"
  >
    window.matchMedia is not a function
  </h3>
  <pre
    style="padding: 0.5rem; background-color: rgba(200, 200, 200, 0.5);"
  >
    TypeError: window.matchMedia is not a function
    at /Users/ashok/Documents/system_methodology/deliveryApp/delivery-app/node_modules/antd/lib/_util/responsiveObserver.js:93:30
    at Array.forEach (&lt;anonymous&gt;)
    at Object.register (/Users/ashok/Documents/system_methodology/deliveryApp/delivery-app/node_modules/antd/lib/_util/responsiveObserver.js:83:36)
    at Object.subscribe (/Users/ashok/Documents/system_methodology/deliveryApp/delivery-app/node_modules/antd/lib/_util/responsiveObserver.js:64:37)
    at /Users/ashok/Documents/system_methodology/deliveryApp/delivery-app/node_modules/antd/lib/grid/row.js:93:38
    at commitHookEffectListMount (/Users/ashok/Documents/system_methodology/deliveryApp/delivery-app/node_modules/react-dom/cjs/react-dom.development.js:23150:26)
    at commitPassiveMountOnFiber (/Users/ashok/Documents/system_methodology/deliveryApp/delivery-app/node_modules/react-dom/cjs/react-dom.development.js:24931:11)
    at commitPassiveMountEffects_complete (/Users/ashok/Documents/system_methodology/deliveryApp/delivery-app/node_modules/react-dom/cjs/react-dom.development.js:24891:9)
    at commitPassiveMountEffects_begin (/Users/ashok/Documents/system_methodology/deliveryApp/delivery-app/node_modules/react-dom/cjs/react-dom.development.js:24878:7)
    at commitPassiveMountEffects (/Users/ashok/Documents/system_methodology/deliveryApp/delivery-app/node_modules/react-dom/cjs/react-dom.development.js:24866:3)
    at flushPassiveEffectsImpl (/Users/ashok/Documents/system_methodology/deliveryApp/delivery-app/node_modules/react-dom/cjs/react-dom.development.js:27039:3)
    at flushPassiveEffects (/Users/ashok/Documents/system_methodology/deliveryApp/delivery-app/node_modules/react-dom/cjs/react-dom.development.js:26984:14)
    at performSyncWorkOnRoot (/Users/ashok/Documents/system_methodology/deliveryApp/delivery-app/node_modules/react-dom/cjs/react-dom.development.js:26076:3)
    at flushSyncCallbacks (/Users/ashok/Documents/system_methodology/deliveryApp/delivery-app/node_modules/react-dom/cjs/react-dom.development.js:12042:22)
    at commitRootImpl (/Users/ashok/Documents/system_methodology/deliveryApp/delivery-app/node_modules/react-dom/cjs/react-dom.development.js:26959:3)
    at commitRoot (/Users/ashok/Documents/system_methodology/deliveryApp/delivery-app/node_modules/react-dom/cjs/react-dom.development.js:26682:5)
    at finishConcurrentRender (/Users/ashok/Documents/system_methodology/deliveryApp/delivery-app/node_modules/react-dom/cjs/react-dom.development.js:25981:9)
    at performConcurrentWorkOnRoot (/Users/ashok/Documents/system_methodology/deliveryApp/delivery-app/node_modules/react-dom/cjs/react-dom.development.js:25809:7)
    at flushActQueue (/Users/ashok/Documents/system_methodology/deliveryApp/delivery-app/node_modules/react/cjs/react.development.js:2667:24)
    at act (/Users/ashok/Documents/system_methodology/deliveryApp/delivery-app/node_modules/react/cjs/react.development.js:2582:11)
    at /Users/ashok/Documents/system_methodology/deliveryApp/delivery-app/node_modules/@testing-library/react/dist/act-compat.js:63:25
    at renderRoot (/Users/ashok/Documents/system_methodology/deliveryApp/delivery-app/node_modules/@testing-library/react/dist/pure.js:159:26)
    at render (/Users/ashok/Documents/system_methodology/deliveryApp/delivery-app/node_modules/@testing-library/react/dist/pure.js:246:10)
    at Object.&lt;anonymous&gt; (/Users/ashok/Documents/system_methodology/deliveryApp/delivery-app/src/App.test.js:8:32)
    at Promise.then.completed (/Users/ashok/Documents/system_methodology/deliveryApp/delivery-app/node_modules/jest-circus/build/utils.js:391:28)
    at new Promise (&lt;anonymous&gt;)
    at callAsyncCircusFn (/Users/ashok/Documents/system_methodology/deliveryApp/delivery-app/node_modules/jest-circus/build/utils.js:316:10)
    at _callCircusTest (/Users/ashok/Documents/system_methodology/deliveryApp/delivery-app/node_modules/jest-circus/build/run.js:218:40)
    at processTicksAndRejections (node:internal/process/task_queues:95:5)
    at _runTest (/Users/ashok/Documents/system_methodology/deliveryApp/delivery-app/node_modules/jest-circus/build/run.js:155:3)
    at _runTestsForDescribeBlock (/Users/ashok/Documents/system_methodology/deliveryApp/delivery-app/node_modules/jest-circus/build/run.js:66:9)
    at run (/Users/ashok/Documents/system_methodology/deliveryApp/delivery-app/node_modules/jest-circus/build/run.js:25:3)
    at runAndTransformResultsToJestFormat (/Users/ashok/Documents/system_methodology/deliveryApp/delivery-app/node_modules/jest-circus/build/legacy-code-todo-rewrite/jestAdapterInit.js:170:21)
    at jestAdapter (/Users/ashok/Documents/system_methodology/deliveryApp/delivery-app/node_modules/jest-circus/build/legacy-code-todo-rewrite/jestAdapter.js:82:19)
    at runTestInternal (/Users/ashok/Documents/system_methodology/deliveryApp/delivery-app/node_modules/jest-runner/build/runTest.js:389:16)
    at runTest (/Users/ashok/Documents/system_methodology/deliveryApp/delivery-app/node_modules/jest-runner/build/runTest.js:475:34)
    at Object.worker (/Users/ashok/Documents/system_methodology/deliveryApp/delivery-app/node_modules/jest-runner/build/testWorker.js:133:12)
  </pre>
  <p>
    ðŸ’¿ Hey developer ðŸ‘‹
  </p>
  <p>
    You can provide a way better UX than this when your app throws errors by providing your own 
    <code
      style="padding: 2px 4px; background-color: rgba(200, 200, 200, 0.5);"
    >
      ErrorBoundary
    </code>
     or 
    <code
      style="padding: 2px 4px; background-color: rgba(200, 200, 200, 0.5);"
    >
      errorElement
    </code>
     prop on your route.
  </p>
</DocumentFragment>
`;
